select graphql.alias_or_name_literal($$
    {
        "kind": "Field",
        "name": {"kind": "Name", "value": "hello"},
        "alias": {"kind": "Name", "value": "hello_alias"},
        "arguments": null,
        "directives": null,
        "selectionSet": null
    }
$$::jsonb);
 alias_or_name_literal 
-----------------------
 hello_alias
(1 row)

select graphql.alias_or_name_literal($$
    {
        "kind": "Field",
        "name": {"kind": "Name", "value": "hello"},
        "alias": null,
        "arguments": null,
        "directives": null,
        "selectionSet": null
    }
$$::jsonb);
 alias_or_name_literal 
-----------------------
 hello
(1 row)

