select graphql.name_literal($$
    {
        "kind": "Field",
        "name": {"kind": "Name", "value": "hello"},
        "alias": null,
        "arguments": null,
        "directives": null,
        "selectionSet": null
    }
$$::jsonb)
 name_literal 
--------------
 hello
(1 row)

