begin;
    create table account(
        id serial primary key,
        email varchar(255) not null
    );
    select graphql.resolve($$
    mutation createAccount($emailAddress: String) {
       xyz: insertAccount(object: {
        email: $emailAddress
      }) {
        id
      }
    }
    $$,
    variables := '{"emailAddress": "foo@bar.com"}'::jsonb
    );
                                    resolve                                     
--------------------------------------------------------------------------------
 {"data": null, "errors": ["Unknown field 'insertAccount' on type 'Mutation'"]}
(1 row)

    select graphql.resolve($$
    mutation createAccount($acc: AccountInsertInput) {
       insertAccount(object: $acc) {
        id
      }
    }
    $$,
    variables := '{"acc": {"email": "bar@foo.com"}}'::jsonb
    );
                                    resolve                                     
--------------------------------------------------------------------------------
 {"data": null, "errors": ["Unknown field 'insertAccount' on type 'Mutation'"]}
(1 row)

rollback;
