select gql.resolve($$
{
  allAccounts {
    totalCount
    edges {
        dneField
    }
  }
}
$$);
                                resolve                                
-----------------------------------------------------------------------
 {"data": null, "errors": ["Unknown field 'dneField' on type 'Edge'"]}
(1 row)

