select jsonb_pretty(
    gql.dispatch($$
        {
          allAccounts {
            totalCount
            pageInfo{
                startCursor
                endCursor
                hasPreviousPage
                hasNextPage
            }
            edges {
              cursor
              node {
                id
                nodeId
                email
              }
            }
          }
        }
    $$)
);
                             jsonb_pretty                             
----------------------------------------------------------------------
 {                                                                   +
     "data": {                                                       +
         "allAccounts": {                                            +
             "edges": [                                              +
                 {                                                   +
                     "node": {                                       +
                         "id": 1,                                    +
                         "email": "aardvark@x.com",                  +
                         "nodeId": "WyJwdWJsaWMiLCAiYWNjb3VudCIsIDFd"+
                     },                                              +
                     "cursor": "WyJwdWJsaWMiLCAiYWNjb3VudCIsIDFd"    +
                 },                                                  +
                 {                                                   +
                     "node": {                                       +
                         "id": 2,                                    +
                         "email": "bat@x.com",                       +
                         "nodeId": "WyJwdWJsaWMiLCAiYWNjb3VudCIsIDJd"+
                     },                                              +
                     "cursor": "WyJwdWJsaWMiLCAiYWNjb3VudCIsIDJd"    +
                 },                                                  +
                 {                                                   +
                     "node": {                                       +
                         "id": 3,                                    +
                         "email": "cat@x.com",                       +
                         "nodeId": "WyJwdWJsaWMiLCAiYWNjb3VudCIsIDNd"+
                     },                                              +
                     "cursor": "WyJwdWJsaWMiLCAiYWNjb3VudCIsIDNd"    +
                 },                                                  +
                 {                                                   +
                     "node": {                                       +
                         "id": 4,                                    +
                         "email": "dog@x.com",                       +
                         "nodeId": "WyJwdWJsaWMiLCAiYWNjb3VudCIsIDRd"+
                     },                                              +
                     "cursor": "WyJwdWJsaWMiLCAiYWNjb3VudCIsIDRd"    +
                 },                                                  +
                 {                                                   +
                     "node": {                                       +
                         "id": 5,                                    +
                         "email": "elephant@x.com",                  +
                         "nodeId": "WyJwdWJsaWMiLCAiYWNjb3VudCIsIDVd"+
                     },                                              +
                     "cursor": "WyJwdWJsaWMiLCAiYWNjb3VudCIsIDVd"    +
                 }                                                   +
             ],                                                      +
             "pageInfo": {                                           +
                 "endCursor": "WyJwdWJsaWMiLCAiYWNjb3VudCIsIDVd",    +
                 "hasNextPage": false,                               +
                 "startCursor": "WyJwdWJsaWMiLCAiYWNjb3VudCIsIDFd",  +
                 "hasPreviousPage": false                            +
             },                                                      +
             "totalCount": 5                                         +
         }                                                           +
     },                                                              +
     "errors": [                                                     +
     ]                                                               +
 }
(1 row)

