select graphql.resolve($$
{ { {
    shouldFail
  }
}
$$);
                            resolve                            
---------------------------------------------------------------
 {"data": null, "errors": ["2.3: syntax error, unexpected {"]}
(1 row)

