select jsonb_pretty(
    gql.resolve($$
    {
      allBlogs {
        edges {
          node {
            ownerId
            owner {
              id
            }
          }
        }
      }
    }
    $$)
);
             jsonb_pretty             
--------------------------------------
 {                                   +
     "data": {                       +
         "allBlogs": {               +
             "edges": [              +
                 {                   +
                     "node": {       +
                         "owner": {  +
                             "id": 1 +
                         },          +
                         "ownerId": 1+
                     }               +
                 },                  +
                 {                   +
                     "node": {       +
                         "owner": {  +
                             "id": 1 +
                         },          +
                         "ownerId": 1+
                     }               +
                 },                  +
                 {                   +
                     "node": {       +
                         "owner": {  +
                             "id": 1 +
                         },          +
                         "ownerId": 1+
                     }               +
                 },                  +
                 {                   +
                     "node": {       +
                         "owner": {  +
                             "id": 2 +
                         },          +
                         "ownerId": 2+
                     }               +
                 }                   +
             ]                       +
         }                           +
     },                              +
     "errors": [                     +
     ]                               +
 }
(1 row)

