select gql.dispatch(
    $$
    query FirstNAccounts($first: Int!) {
      allAccounts(first: $first) {
        edges {
          node {
            id
          }
        }
      }
    }
    $$,
    '{"first": 2}'::jsonb
);
                                            dispatch                                            
------------------------------------------------------------------------------------------------
 {"data": {"allAccounts": {"edges": [{"node": {"id": 1}}, {"node": {"id": 2}}]}}, "errors": []}
(1 row)

