select gql.dispatch($$
{
  account(id: "WyJhY2NvdW50IiwgMV0=") {
    id
    nodeId
  }
}
$$);
                                     dispatch                                     
----------------------------------------------------------------------------------
 {"data": {"account": {"id": 1, "nodeId": "WyJhY2NvdW50IiwgMV0="}}, "errors": []}
(1 row)

