select jsonb_pretty(
    gql.dispatch($$
    {
      __type(name: "Account") {
        kind
        fields {
            name
        }
      }
    }
    $$)
);
                  jsonb_pretty                   
-------------------------------------------------
 {                                              +
     "data": {                                  +
         "__type": {                            +
             "kind": "OBJECT",                  +
             "fields": [                        +
                 {                              +
                     "name": "nodeId"           +
                 },                             +
                 {                              +
                     "name": "email"            +
                 },                             +
                 {                              +
                     "name": "encryptedPassword"+
                 },                             +
                 {                              +
                     "name": "createdAt"        +
                 },                             +
                 {                              +
                     "name": "updatedAt"        +
                 },                             +
                 {                              +
                     "name": "id"               +
                 },                             +
                 {                              +
                     "name": "blogs"            +
                 }                              +
             ]                                  +
         }                                      +
     },                                         +
     "errors": [                                +
     ]                                          +
 }
(1 row)

