select gql.dispatch(
    $$
    query GetAccount($nodeId: ID!) {
      account(nodeId: $nodeId) {
        id
      }
    }
    $$,
    '{"nodeId": "WyJhY2NvdW50IiwgMV0="}'::jsonb
);
                    dispatch                    
------------------------------------------------
 {"data": {"account": {"id": 1}}, "errors": []}
(1 row)

