begin;
    select graphql.resolve($$
    {
      account {
        id
      }
    }
    $$);
                                                    resolve                                                     
----------------------------------------------------------------------------------------------------------------
 {"data": null, "errors": ["function graphql.exception_unknown_field(text, graphql.meta_kind) does not exist"]}
(1 row)

rollback;
