begin;
    select graphql.resolve($$
    mutation {
       insertDNE(object: {
        email: "o@r.com"
      }) {
        id
      }
    }
    $$);
                                                    resolve                                                     
----------------------------------------------------------------------------------------------------------------
 {"data": null, "errors": ["function graphql.exception_unknown_field(text, graphql.meta_kind) does not exist"]}
(1 row)

rollback;
