begin;
    create table account(
        id int primary key
    );
    select graphql.resolve($$
    {
      allAccounts {
        edges {
          cursor
          node {
            dneField
          }
        }
      }
    }
    $$);
                                 resolve                                  
--------------------------------------------------------------------------
 {"data": null, "errors": ["Unknown field 'dneField' on type 'Account'"]}
(1 row)

rollback;
