select jsonb_pretty(
    gql.resolve($$
{
  allAccounts {
    edges {
      node {
        id
        email
        blogs {
          totalCount
            edges {
              node {
                name
            }
          }
        }
      }
    }
  }
}
    $$)
);
                        jsonb_pretty                         
-------------------------------------------------------------
 {                                                          +
     "data": {                                              +
         "allAccounts": {                                   +
             "edges": [                                     +
                 {                                          +
                     "node": {                              +
                         "id": 1,                           +
                         "blogs": {                         +
                             "edges": [                     +
                                 {                          +
                                     "node": {              +
                                         "name": "A: Blog 1"+
                                     }                      +
                                 },                         +
                                 {                          +
                                     "node": {              +
                                         "name": "A: Blog 2"+
                                     }                      +
                                 },                         +
                                 {                          +
                                     "node": {              +
                                         "name": "A: Blog 3"+
                                     }                      +
                                 }                          +
                             ],                             +
                             "totalCount": 3                +
                         },                                 +
                         "email": "aardvark@x.com"          +
                     }                                      +
                 },                                         +
                 {                                          +
                     "node": {                              +
                         "id": 2,                           +
                         "blogs": {                         +
                             "edges": [                     +
                                 {                          +
                                     "node": {              +
                                         "name": "B: Blog 3"+
                                     }                      +
                                 }                          +
                             ],                             +
                             "totalCount": 1                +
                         },                                 +
                         "email": "bat@x.com"               +
                     }                                      +
                 },                                         +
                 {                                          +
                     "node": {                              +
                         "id": 3,                           +
                         "blogs": {                         +
                             "edges": null,                 +
                             "totalCount": 0                +
                         },                                 +
                         "email": "cat@x.com"               +
                     }                                      +
                 },                                         +
                 {                                          +
                     "node": {                              +
                         "id": 4,                           +
                         "blogs": {                         +
                             "edges": null,                 +
                             "totalCount": 0                +
                         },                                 +
                         "email": "dog@x.com"               +
                     }                                      +
                 },                                         +
                 {                                          +
                     "node": {                              +
                         "id": 5,                           +
                         "blogs": {                         +
                             "edges": null,                 +
                             "totalCount": 0                +
                         },                                 +
                         "email": "elephant@x.com"          +
                     }                                      +
                 }                                          +
             ]                                              +
         }                                                  +
     },                                                     +
     "errors": [                                            +
     ]                                                      +
 }
(1 row)

