drop extension pg_graphql;
create extension pg_graphql;
select jsonb_pretty(
    graphql.resolve($$
    { heartbeat }
    $$)
);
                   jsonb_pretty                    
---------------------------------------------------
 {                                                +
     "data": {                                    +
         "heartbeat": "2022-04-26T16:11:30.088137"+
     }                                            +
 }
(1 row)

