begin;
    create table memo(
        id int primary key,
        contents text
    );
    insert into memo(id, contents)
    values
        (1, 'foo'),
        (2, 'bar'),
        (3, 'baz');
    savepoint a;
    -- Filter by Int
    select jsonb_pretty(
        graphql.resolve($$
            {
              memoCollection(filter: {contents: {startsWith: "b"}}) {
                edges {
                  node {
                    id
                  }
                }
              }
            }
        $$)
    );
          jsonb_pretty           
---------------------------------
 {                              +
     "data": {                  +
         "memoCollection": {    +
             "edges": [         +
                 {              +
                     "node": {  +
                         "id": 2+
                     }          +
                 },             +
                 {              +
                     "node": {  +
                         "id": 3+
                     }          +
                 }              +
             ]                  +
         }                      +
     }                          +
 }
(1 row)

    rollback to savepoint a;
rollback;
