begin;
create table blog(
                     id serial primary key,
                     owner_id integer not null,
                     name varchar(255) not null,
                     description text
);
insert into blog(owner_id, name, description)
values
    (1, 'A: Blog 1', 'first'),
    (2, 'A: Blog 2', 'second');
select graphql.resolve($$
    {
          blogCollection(first: -1) {
            edges {
              cursor
              node {
                ownerId
              }
            }
          }
        }

    $$);
                                    resolve                                     
--------------------------------------------------------------------------------
 {"data": null, "errors": [{"message": "`first` must be an unsigned integer"}]}
(1 row)

select graphql.resolve($$
    {
          blogCollection(last: -1) {
            edges {
              cursor
              node {
                ownerId
              }
            }
          }
        }

    $$);
                                    resolve                                    
-------------------------------------------------------------------------------
 {"data": null, "errors": [{"message": "`last` must be an unsigned integer"}]}
(1 row)

rollback;
