select graphql.resolve(
    query:='query Abc { __type(name: "Int") { name kind description } }'
);
                                   resolve                                    
------------------------------------------------------------------------------
 {"data": {"__type": {"kind": "SCALAR", "name": "Int", "description": null}}}
(1 row)

